// Jest Snapshot v1, https://goo.gl/fbAQLP

exports[`formatter issue should format a good issue 1`] = `
Object {
  "assignees": 0,
  "author": "jbeda",
  "body_length": 0,
  "closed_at": 1403890836000,
  "closed_by": "brendandburns",
  "comments": 3,
  "created_at": 1402098770000,
  "holder": "kubernetes",
  "id": 1,
  "repo": "kubernetes",
  "time_to_close": 1792066000,
  "url": "https://github.com/kubernetes/kubernetes",
}
`;

exports[`formatter pull request should format a good pull request 1`] = `
Object {
  "additions": 271,
  "assignees": 0,
  "author": "proppy",
  "body_length": 240,
  "changed_files": 3,
  "closed_at": 1403245242000,
  "commits": 1,
  "created_at": 1402141286000,
  "deletions": 245,
  "holder": "kubernetes",
  "id": 13,
  "merged_by": "proppy",
  "repo": "kubernetes",
  "reviewers": 0,
  "time_to_close": 1103956000,
  "url": "https://github.com/kubernetes/kubernetes",
}
`;
